[2026-05-24T20:17:16.282+0000] {local_task_job_runner.py:123} INFO - ::group::Pre task execution logs
[2026-05-24T20:17:16.288+0000] {taskinstance.py:2614} INFO - Dependencies all met for dep_context=non-requeueable deps ti=<TaskInstance: kafka_enriched_to_minio_parquet.dump_enriched_events_to_minio scheduled__2026-05-24T20:16:00+00:00 [queued]>
[2026-05-24T20:17:16.291+0000] {taskinstance.py:2614} INFO - Dependencies all met for dep_context=requeueable deps ti=<TaskInstance: kafka_enriched_to_minio_parquet.dump_enriched_events_to_minio scheduled__2026-05-24T20:16:00+00:00 [queued]>
[2026-05-24T20:17:16.292+0000] {taskinstance.py:2867} INFO - Starting attempt 1 of 1
[2026-05-24T20:17:16.299+0000] {taskinstance.py:2890} INFO - Executing <Task(PythonOperator): dump_enriched_events_to_minio> on 2026-05-24 20:16:00+00:00
[2026-05-24T20:17:16.303+0000] {standard_task_runner.py:72} INFO - Started process 235 to run task
[2026-05-24T20:17:16.307+0000] {standard_task_runner.py:104} INFO - Running: ['airflow', 'tasks', 'run', 'kafka_enriched_to_minio_parquet', 'dump_enriched_events_to_minio', 'scheduled__2026-05-24T20:16:00+00:00', '--job-id', '4', '--raw', '--subdir', 'DAGS_FOLDER/kafka_enriched_to_minio_parquet.py', '--cfg-path', '/tmp/tmpnj9etlr2']
[2026-05-24T20:17:16.309+0000] {standard_task_runner.py:105} INFO - Job 4: Subtask dump_enriched_events_to_minio
[2026-05-24T20:17:16.331+0000] {task_command.py:467} INFO - Running <TaskInstance: kafka_enriched_to_minio_parquet.dump_enriched_events_to_minio scheduled__2026-05-24T20:16:00+00:00 [running]> on host 1a320d8fd7d4
[2026-05-24T20:17:16.365+0000] {taskinstance.py:3134} INFO - Exporting env vars: AIRFLOW_CTX_DAG_OWNER='airflow' AIRFLOW_CTX_DAG_ID='kafka_enriched_to_minio_parquet' AIRFLOW_CTX_TASK_ID='dump_enriched_events_to_minio' AIRFLOW_CTX_EXECUTION_DATE='2026-05-24T20:16:00+00:00' AIRFLOW_CTX_TRY_NUMBER='1' AIRFLOW_CTX_DAG_RUN_ID='scheduled__2026-05-24T20:16:00+00:00'
[2026-05-24T20:17:16.366+0000] {taskinstance.py:732} INFO - ::endgroup::
[2026-05-24T20:17:16.377+0000] {conn.py:380} INFO - <BrokerConnection node_id=bootstrap-0 host=kafka:29092 <connecting> [IPv4 ('10.251.6.2', 29092)]>: connecting to kafka:29092 [('10.251.6.2', 29092) IPv4]
[2026-05-24T20:17:16.377+0000] {conn.py:1205} INFO - Probing node bootstrap-0 broker version
[2026-05-24T20:17:16.378+0000] {conn.py:410} INFO - <BrokerConnection node_id=bootstrap-0 host=kafka:29092 <connecting> [IPv4 ('10.251.6.2', 29092)]>: Connection complete.
[2026-05-24T20:17:16.482+0000] {conn.py:1267} INFO - Broker version identified as 2.5.0
[2026-05-24T20:17:16.483+0000] {conn.py:1268} INFO - Set configuration api_version=(2, 5, 0) to skip auto check_version requests on startup
[2026-05-24T20:17:16.485+0000] {subscription_state.py:171} INFO - Updating subscribed topics to: ('trafic.enriched_events',)
[2026-05-24T20:17:16.487+0000] {cluster.py:371} INFO - Group coordinator for airflow-minio-parquet-sink is ('coordinator-1', 'kafka', 29092, None)
[2026-05-24T20:17:16.488+0000] {base.py:693} INFO - Discovered coordinator coordinator-1 for group airflow-minio-parquet-sink
[2026-05-24T20:17:16.488+0000] {base.py:741} INFO - Starting new heartbeat thread
[2026-05-24T20:17:16.489+0000] {consumer.py:348} INFO - Revoking previously assigned partitions () for group airflow-minio-parquet-sink
[2026-05-24T20:17:16.491+0000] {conn.py:380} INFO - <BrokerConnection node_id=coordinator-1 host=kafka:29092 <connecting> [IPv4 ('10.251.6.2', 29092)]>: connecting to kafka:29092 [('10.251.6.2', 29092) IPv4]
[2026-05-24T20:17:16.492+0000] {conn.py:410} INFO - <BrokerConnection node_id=coordinator-1 host=kafka:29092 <connecting> [IPv4 ('10.251.6.2', 29092)]>: Connection complete.
[2026-05-24T20:17:16.493+0000] {conn.py:919} INFO - <BrokerConnection node_id=bootstrap-0 host=kafka:29092 <connected> [IPv4 ('10.251.6.2', 29092)]>: Closing connection. 
[2026-05-24T20:17:16.596+0000] {base.py:450} INFO - (Re-)joining group airflow-minio-parquet-sink
[2026-05-24T20:17:16.602+0000] {base.py:521} INFO - Elected group leader -- performing partition assignments using range
[2026-05-24T20:17:16.605+0000] {conn.py:380} INFO - <BrokerConnection node_id=1 host=kafka:29092 <connecting> [IPv4 ('10.251.6.2', 29092)]>: connecting to kafka:29092 [('10.251.6.2', 29092) IPv4]
[2026-05-24T20:17:16.607+0000] {conn.py:410} INFO - <BrokerConnection node_id=1 host=kafka:29092 <connecting> [IPv4 ('10.251.6.2', 29092)]>: Connection complete.
[2026-05-24T20:17:16.608+0000] {base.py:335} INFO - Successfully joined group airflow-minio-parquet-sink with generation 5
[2026-05-24T20:17:16.609+0000] {subscription_state.py:257} INFO - Updated partition assignment: [('trafic.enriched_events', 0), ('trafic.enriched_events', 1), ('trafic.enriched_events', 2)]
[2026-05-24T20:17:16.610+0000] {consumer.py:245} INFO - Setting newly assigned partitions (('trafic.enriched_events', 2), ('trafic.enriched_events', 0), ('trafic.enriched_events', 1)) for group airflow-minio-parquet-sink
[2026-05-24T20:17:44.019+0000] {local_task_job_runner.py:127} ERROR - Received SIGTERM. Terminating subprocesses
[2026-05-24T20:17:44.021+0000] {process_utils.py:132} INFO - Sending 15 to group 235. PIDs of all processes in the group: [235]
[2026-05-24T20:17:44.022+0000] {process_utils.py:87} INFO - Sending the signal 15 to group 235
[2026-05-24T20:17:44.022+0000] {taskinstance.py:3094} ERROR - Received SIGTERM. Terminating subprocesses.
[2026-05-24T20:17:44.029+0000] {taskinstance.py:3095} ERROR - Stacktrace: 
  File "/home/airflow/.local/bin/airflow", line 8, in <module>
    sys.exit(main())
  File "/home/airflow/.local/lib/python3.11/site-packages/airflow/__main__.py", line 62, in main
    args.func(args)
  File "/home/airflow/.local/lib/python3.11/site-packages/airflow/cli/cli_config.py", line 49, in command
    return func(*args, **kwargs)
  File "/home/airflow/.local/lib/python3.11/site-packages/airflow/utils/cli.py", line 116, in wrapper
    return f(*args, **kwargs)
  File "/home/airflow/.local/lib/python3.11/site-packages/airflow/cli/commands/task_command.py", line 483, in task_run
    task_return_code = _run_task_by_selected_method(args, _dag, ti)
  File "/home/airflow/.local/lib/python3.11/site-packages/airflow/cli/commands/task_command.py", line 254, in _run_task_by_selected_method
    return _run_task_by_local_task_job(args, ti)
  File "/home/airflow/.local/lib/python3.11/site-packages/airflow/cli/commands/task_command.py", line 322, in _run_task_by_local_task_job
    ret = run_job(job=job_runner.job, execute_callable=job_runner._execute)
  File "/home/airflow/.local/lib/python3.11/site-packages/airflow/utils/session.py", line 97, in wrapper
    return func(*args, session=session, **kwargs)
  File "/home/airflow/.local/lib/python3.11/site-packages/airflow/jobs/job.py", line 421, in run_job
    return execute_job(job, execute_callable=execute_callable)
  File "/home/airflow/.local/lib/python3.11/site-packages/airflow/jobs/job.py", line 450, in execute_job
    ret = execute_callable()
  File "/home/airflow/.local/lib/python3.11/site-packages/airflow/jobs/local_task_job_runner.py", line 171, in _execute
    self.task_runner.start()
  File "/home/airflow/.local/lib/python3.11/site-packages/airflow/task/task_runner/standard_task_runner.py", line 55, in start
    self.process = self._start_by_fork()
  File "/home/airflow/.local/lib/python3.11/site-packages/airflow/task/task_runner/standard_task_runner.py", line 117, in _start_by_fork
    ret = args.func(args, dag=self.dag)
  File "/home/airflow/.local/lib/python3.11/site-packages/airflow/cli/cli_config.py", line 49, in command
    return func(*args, **kwargs)
  File "/home/airflow/.local/lib/python3.11/site-packages/airflow/utils/cli.py", line 116, in wrapper
    return f(*args, **kwargs)
  File "/home/airflow/.local/lib/python3.11/site-packages/airflow/cli/commands/task_command.py", line 483, in task_run
    task_return_code = _run_task_by_selected_method(args, _dag, ti)
  File "/home/airflow/.local/lib/python3.11/site-packages/airflow/cli/commands/task_command.py", line 256, in _run_task_by_selected_method
    return _run_raw_task(args, ti)
  File "/home/airflow/.local/lib/python3.11/site-packages/airflow/cli/commands/task_command.py", line 341, in _run_raw_task
    return ti._run_raw_task(
  File "/home/airflow/.local/lib/python3.11/site-packages/airflow/utils/session.py", line 97, in wrapper
    return func(*args, session=session, **kwargs)
  File "/home/airflow/.local/lib/python3.11/site-packages/airflow/models/taskinstance.py", line 3006, in _run_raw_task
    return _run_raw_task(
  File "/home/airflow/.local/lib/python3.11/site-packages/airflow/models/taskinstance.py", line 274, in _run_raw_task
    TaskInstance._execute_task_with_callbacks(
  File "/home/airflow/.local/lib/python3.11/site-packages/airflow/models/taskinstance.py", line 3161, in _execute_task_with_callbacks
    result = self._execute_task(context, task_orig)
  File "/home/airflow/.local/lib/python3.11/site-packages/airflow/models/taskinstance.py", line 3185, in _execute_task
    return _execute_task(self, context, task_orig)
  File "/home/airflow/.local/lib/python3.11/site-packages/airflow/models/taskinstance.py", line 768, in _execute_task
    result = _execute_callable(context=context, **execute_callable_kwargs)
  File "/home/airflow/.local/lib/python3.11/site-packages/airflow/models/taskinstance.py", line 734, in _execute_callable
    return ExecutionCallableRunner(
  File "/home/airflow/.local/lib/python3.11/site-packages/airflow/utils/operator_helpers.py", line 252, in run
    return self.func(*args, **kwargs)
  File "/home/airflow/.local/lib/python3.11/site-packages/airflow/models/baseoperator.py", line 424, in wrapper
    return func(self, *args, **kwargs)
  File "/home/airflow/.local/lib/python3.11/site-packages/airflow/operators/python.py", line 238, in execute
    return_value = self.execute_callable()
  File "/home/airflow/.local/lib/python3.11/site-packages/airflow/operators/python.py", line 256, in execute_callable
    return runner.run(*self.op_args, **self.op_kwargs)
  File "/home/airflow/.local/lib/python3.11/site-packages/airflow/utils/operator_helpers.py", line 252, in run
    return self.func(*args, **kwargs)
  File "/opt/airflow/dags/kafka_enriched_to_minio_parquet.py", line 45, in dump_enriched_events_to_minio
    polled = consumer.poll(timeout_ms=1000, max_records=500)
  File "/home/airflow/.local/lib/python3.11/site-packages/kafka/consumer/group.py", line 655, in poll
    records = self._poll_once(remaining, max_records, update_offsets=update_offsets)
  File "/home/airflow/.local/lib/python3.11/site-packages/kafka/consumer/group.py", line 702, in _poll_once
    self._client.poll(timeout_ms=timeout_ms)
  File "/home/airflow/.local/lib/python3.11/site-packages/kafka/client_async.py", line 602, in poll
    self._poll(timeout / 1000)
  File "/home/airflow/.local/lib/python3.11/site-packages/kafka/client_async.py", line 634, in _poll
    ready = self._selector.select(timeout)
  File "/usr/local/lib/python3.11/selectors.py", line 468, in select
    fd_event_list = self._selector.poll(timeout, max_ev)
  File "/home/airflow/.local/lib/python3.11/site-packages/airflow/models/taskinstance.py", line 3095, in signal_handler
    self.log.error("Stacktrace: \n%s", "".join(traceback.format_stack()))

[2026-05-24T20:17:44.030+0000] {base.py:748} INFO - Stopping heartbeat thread
[2026-05-24T20:17:44.031+0000] {base.py:773} INFO - Leaving consumer group (airflow-minio-parquet-sink).
[2026-05-24T20:17:44.033+0000] {conn.py:919} INFO - <BrokerConnection node_id=coordinator-1 host=kafka:29092 <connected> [IPv4 ('10.251.6.2', 29092)]>: Closing connection. 
[2026-05-24T20:17:44.034+0000] {conn.py:919} INFO - <BrokerConnection node_id=1 host=kafka:29092 <connected> [IPv4 ('10.251.6.2', 29092)]>: Closing connection. 
[2026-05-24T20:17:44.035+0000] {future.py:79} ERROR - Fetch to node 1 failed: Cancelled: <BrokerConnection node_id=1 host=kafka:29092 <connected> [IPv4 ('10.251.6.2', 29092)]>
[2026-05-24T20:17:44.041+0000] {taskinstance.py:3313} ERROR - Task failed with exception
Traceback (most recent call last):
  File "/home/airflow/.local/lib/python3.11/site-packages/airflow/models/taskinstance.py", line 768, in _execute_task
    result = _execute_callable(context=context, **execute_callable_kwargs)
             ^^^^^^^^^^^^^^^^^^^^^^^^^^^^^^^^^^^^^^^^^^^^^^^^^^^^^^^^^^^^^
  File "/home/airflow/.local/lib/python3.11/site-packages/airflow/models/taskinstance.py", line 734, in _execute_callable
    return ExecutionCallableRunner(
           ^^^^^^^^^^^^^^^^^^^^^^^^
  File "/home/airflow/.local/lib/python3.11/site-packages/airflow/utils/operator_helpers.py", line 252, in run
    return self.func(*args, **kwargs)
           ^^^^^^^^^^^^^^^^^^^^^^^^^^
  File "/home/airflow/.local/lib/python3.11/site-packages/airflow/models/baseoperator.py", line 424, in wrapper
    return func(self, *args, **kwargs)
           ^^^^^^^^^^^^^^^^^^^^^^^^^^^
  File "/home/airflow/.local/lib/python3.11/site-packages/airflow/operators/python.py", line 238, in execute
    return_value = self.execute_callable()
                   ^^^^^^^^^^^^^^^^^^^^^^^
  File "/home/airflow/.local/lib/python3.11/site-packages/airflow/operators/python.py", line 256, in execute_callable
    return runner.run(*self.op_args, **self.op_kwargs)
           ^^^^^^^^^^^^^^^^^^^^^^^^^^^^^^^^^^^^^^^^^^^
  File "/home/airflow/.local/lib/python3.11/site-packages/airflow/utils/operator_helpers.py", line 252, in run
    return self.func(*args, **kwargs)
           ^^^^^^^^^^^^^^^^^^^^^^^^^^
  File "/opt/airflow/dags/kafka_enriched_to_minio_parquet.py", line 45, in dump_enriched_events_to_minio
    polled = consumer.poll(timeout_ms=1000, max_records=500)
             ^^^^^^^^^^^^^^^^^^^^^^^^^^^^^^^^^^^^^^^^^^^^^^^
  File "/home/airflow/.local/lib/python3.11/site-packages/kafka/consumer/group.py", line 655, in poll
    records = self._poll_once(remaining, max_records, update_offsets=update_offsets)
              ^^^^^^^^^^^^^^^^^^^^^^^^^^^^^^^^^^^^^^^^^^^^^^^^^^^^^^^^^^^^^^^^^^^^^^
  File "/home/airflow/.local/lib/python3.11/site-packages/kafka/consumer/group.py", line 702, in _poll_once
    self._client.poll(timeout_ms=timeout_ms)
  File "/home/airflow/.local/lib/python3.11/site-packages/kafka/client_async.py", line 602, in poll
    self._poll(timeout / 1000)
  File "/home/airflow/.local/lib/python3.11/site-packages/kafka/client_async.py", line 634, in _poll
    ready = self._selector.select(timeout)
            ^^^^^^^^^^^^^^^^^^^^^^^^^^^^^^
  File "/usr/local/lib/python3.11/selectors.py", line 468, in select
    fd_event_list = self._selector.poll(timeout, max_ev)
                    ^^^^^^^^^^^^^^^^^^^^^^^^^^^^^^^^^^^^
  File "/home/airflow/.local/lib/python3.11/site-packages/airflow/models/taskinstance.py", line 3097, in signal_handler
    raise AirflowTaskTerminated("Task received SIGTERM signal")
airflow.exceptions.AirflowTaskTerminated: Task received SIGTERM signal
[2026-05-24T20:17:44.046+0000] {taskinstance.py:1226} INFO - Marking task as FAILED. dag_id=kafka_enriched_to_minio_parquet, task_id=dump_enriched_events_to_minio, run_id=scheduled__2026-05-24T20:16:00+00:00, execution_date=20260524T201600, start_date=20260524T201716, end_date=20260524T201744
[2026-05-24T20:17:44.070+0000] {taskinstance.py:341} INFO - ::group::Post task execution logs
[2026-05-24T20:17:44.114+0000] {process_utils.py:80} INFO - Process psutil.Process(pid=235, status='terminated', exitcode=2, started='20:17:15') (235) terminated with exit code 2
[2026-05-24T20:17:44.116+0000] {local_task_job_runner.py:266} INFO - Task exited with return code 143
[2026-05-24T20:17:44.130+0000] {taskinstance.py:3901} INFO - 0 downstream tasks scheduled from follow-on schedule check
