[2026-05-24T20:15:38.691+0000] {processor.py:186} INFO - Started process (PID=50) to work on /opt/airflow/dags/kafka_enriched_to_minio_parquet.py
[2026-05-24T20:15:38.692+0000] {processor.py:914} INFO - Processing file /opt/airflow/dags/kafka_enriched_to_minio_parquet.py for tasks to queue
[2026-05-24T20:15:38.693+0000] {logging_mixin.py:190} INFO - [2026-05-24T20:15:38.693+0000] {dagbag.py:588} INFO - Filling up the DagBag from /opt/airflow/dags/kafka_enriched_to_minio_parquet.py
[2026-05-24T20:15:39.035+0000] {processor.py:925} INFO - DAG(s) 'kafka_enriched_to_minio_parquet' retrieved from /opt/airflow/dags/kafka_enriched_to_minio_parquet.py
[2026-05-24T20:15:39.098+0000] {logging_mixin.py:190} INFO - [2026-05-24T20:15:39.098+0000] {override.py:1912} INFO - Created Permission View: can read on DAG:kafka_enriched_to_minio_parquet
[2026-05-24T20:15:39.104+0000] {logging_mixin.py:190} INFO - [2026-05-24T20:15:39.104+0000] {override.py:1912} INFO - Created Permission View: can edit on DAG:kafka_enriched_to_minio_parquet
[2026-05-24T20:15:39.108+0000] {logging_mixin.py:190} INFO - [2026-05-24T20:15:39.108+0000] {override.py:1912} INFO - Created Permission View: can delete on DAG:kafka_enriched_to_minio_parquet
[2026-05-24T20:15:39.114+0000] {logging_mixin.py:190} INFO - [2026-05-24T20:15:39.113+0000] {override.py:1912} INFO - Created Permission View: menu access on DAG Run:kafka_enriched_to_minio_parquet
[2026-05-24T20:15:39.117+0000] {logging_mixin.py:190} INFO - [2026-05-24T20:15:39.117+0000] {override.py:1912} INFO - Created Permission View: can create on DAG Run:kafka_enriched_to_minio_parquet
[2026-05-24T20:15:39.121+0000] {logging_mixin.py:190} INFO - [2026-05-24T20:15:39.121+0000] {override.py:1912} INFO - Created Permission View: can read on DAG Run:kafka_enriched_to_minio_parquet
[2026-05-24T20:15:39.125+0000] {logging_mixin.py:190} INFO - [2026-05-24T20:15:39.125+0000] {override.py:1912} INFO - Created Permission View: can delete on DAG Run:kafka_enriched_to_minio_parquet
[2026-05-24T20:15:39.126+0000] {logging_mixin.py:190} INFO - [2026-05-24T20:15:39.125+0000] {dag.py:3239} INFO - Sync 1 DAGs
[2026-05-24T20:15:39.132+0000] {logging_mixin.py:190} INFO - [2026-05-24T20:15:39.132+0000] {dag.py:3262} INFO - Creating ORM DAG for kafka_enriched_to_minio_parquet
[2026-05-24T20:15:39.139+0000] {logging_mixin.py:190} INFO - [2026-05-24T20:15:39.139+0000] {dag.py:4180} INFO - Setting next_dagrun for kafka_enriched_to_minio_parquet to 2026-05-24 20:14:00+00:00, run_after=2026-05-24 20:15:00+00:00
[2026-05-24T20:15:39.149+0000] {processor.py:208} INFO - Processing /opt/airflow/dags/kafka_enriched_to_minio_parquet.py took 0.462 seconds
[2026-05-24T20:16:42.753+0000] {processor.py:186} INFO - Started process (PID=192) to work on /opt/airflow/dags/kafka_enriched_to_minio_parquet.py
[2026-05-24T20:16:42.753+0000] {processor.py:914} INFO - Processing file /opt/airflow/dags/kafka_enriched_to_minio_parquet.py for tasks to queue
[2026-05-24T20:16:42.755+0000] {logging_mixin.py:190} INFO - [2026-05-24T20:16:42.755+0000] {dagbag.py:588} INFO - Filling up the DagBag from /opt/airflow/dags/kafka_enriched_to_minio_parquet.py
[2026-05-24T20:16:42.990+0000] {processor.py:925} INFO - DAG(s) 'kafka_enriched_to_minio_parquet' retrieved from /opt/airflow/dags/kafka_enriched_to_minio_parquet.py
[2026-05-24T20:16:43.002+0000] {logging_mixin.py:190} INFO - [2026-05-24T20:16:43.002+0000] {dag.py:3239} INFO - Sync 1 DAGs
[2026-05-24T20:16:43.024+0000] {processor.py:208} INFO - Processing /opt/airflow/dags/kafka_enriched_to_minio_parquet.py took 0.274 seconds
[2026-05-24T20:17:13.997+0000] {processor.py:186} INFO - Started process (PID=219) to work on /opt/airflow/dags/kafka_enriched_to_minio_parquet.py
[2026-05-24T20:17:13.997+0000] {processor.py:914} INFO - Processing file /opt/airflow/dags/kafka_enriched_to_minio_parquet.py for tasks to queue
[2026-05-24T20:17:13.998+0000] {logging_mixin.py:190} INFO - [2026-05-24T20:17:13.998+0000] {dagbag.py:588} INFO - Filling up the DagBag from /opt/airflow/dags/kafka_enriched_to_minio_parquet.py
[2026-05-24T20:17:14.237+0000] {processor.py:925} INFO - DAG(s) 'kafka_enriched_to_minio_parquet' retrieved from /opt/airflow/dags/kafka_enriched_to_minio_parquet.py
[2026-05-24T20:17:14.248+0000] {logging_mixin.py:190} INFO - [2026-05-24T20:17:14.247+0000] {dag.py:3239} INFO - Sync 1 DAGs
[2026-05-24T20:17:14.261+0000] {logging_mixin.py:190} INFO - [2026-05-24T20:17:14.261+0000] {dag.py:4180} INFO - Setting next_dagrun for kafka_enriched_to_minio_parquet to 2026-05-24 20:16:00+00:00, run_after=2026-05-24 20:17:00+00:00
[2026-05-24T20:17:14.275+0000] {processor.py:208} INFO - Processing /opt/airflow/dags/kafka_enriched_to_minio_parquet.py took 0.282 seconds
